C:\Users\sachi\AppData\Local\Programs\Python\Python312\Lib\site-packages\requests\__init__.py:109: RequestsDependencyWarning: urllib3 (2.7.0) or chardet (7.4.3)/charset_normalizer (3.4.9) doesn't match a supported version!
  warnings.warn(
[13/Aug/2026 22:34:26] "POST /api/auth/send-otp/ HTTP/1.1" 200 68
[13/Aug/2026 22:36:57] "GET /api/auth/kitchen-categories/ HTTP/1.1" 200 52
[13/Aug/2026 22:36:59] "GET /api/auth/kitchen-categories/ HTTP/1.1" 200 52
[13/Aug/2026 22:39:28] "POST /api/auth/send-otp/ HTTP/1.1" 200 59
[13/Aug/2026 22:40:51] "POST /api/auth/send-otp/ HTTP/1.1" 200 65
[13/Aug/2026 22:43:54] code 400, message Bad request version ('\x06\x04\x03\x08\x04\x04\x01\x05\x03\x08\x05\x05\x01\x08\x06\x06\x01\x00')
[13/Aug/2026 22:43:54] You're accessing the development server over HTTPS, but it only supports HTTP.
[13/Aug/2026 22:43:54] code 400, message Bad request version ('ÞÂ')
[13/Aug/2026 22:43:54] You're accessing the development server over HTTPS, but it only supports HTTP.
[13/Aug/2026 22:43:56] "GET /api/auth/kitchen-categories HTTP/1.1" 301 0
[13/Aug/2026 22:43:56] "GET /api/auth/kitchen-categories/ HTTP/1.1" 200 10306
[13/Aug/2026 22:43:56] "GET /static/rest_framework/css/default.css HTTP/1.1" 200 1152
[13/Aug/2026 22:43:56] "GET /static/rest_framework/js/jquery-3.7.1.min.js HTTP/1.1" 200 87533
[13/Aug/2026 22:43:56] "GET /static/rest_framework/js/csrf.js HTTP/1.1" 200 1793
[13/Aug/2026 22:43:56] "GET /static/rest_framework/js/ajax-form.js HTTP/1.1" 200 3796
[13/Aug/2026 22:43:56] "GET /static/rest_framework/css/prettify.css HTTP/1.1" 200 817
[13/Aug/2026 22:43:56] "GET /static/rest_framework/css/bootstrap-tweaks.css HTTP/1.1" 200 3426
[13/Aug/2026 22:43:56] "GET /static/rest_framework/js/default.js HTTP/1.1" 200 1268
[13/Aug/2026 22:43:56] "GET /static/rest_framework/js/bootstrap.min.js HTTP/1.1" 200 39680
[13/Aug/2026 22:43:56] "GET /static/rest_framework/js/load-ajax-form.js HTTP/1.1" 200 59
[13/Aug/2026 22:43:56] "GET /static/rest_framework/js/prettify-min.js HTTP/1.1" 200 13632
[13/Aug/2026 22:43:56] "GET /static/rest_framework/css/bootstrap.min.css HTTP/1.1" 200 121457
[13/Aug/2026 22:43:56] "GET /static/rest_framework/img/grid.png HTTP/1.1" 200 1458
Not Found: /favicon.ico
[13/Aug/2026 22:43:57] "GET /favicon.ico HTTP/1.1" 404 2796
[13/Aug/2026 22:44:11] "GET /api/auth/kitchen-categories/ HTTP/1.1" 200 10306
Unauthorized: /api/auth/
[13/Aug/2026 22:44:13] "GET /api/auth/ HTTP/1.1" 401 9806
Unauthorized: /api/auth/
[13/Aug/2026 22:44:16] "GET /api/auth/ HTTP/1.1" 401 9806
Unauthorized: /api/auth/
[13/Aug/2026 22:44:17] "GET /api/auth/ HTTP/1.1" 401 9806
Unauthorized: /api/auth/
[13/Aug/2026 22:44:20] "GET /api/auth/?format=json HTTP/1.1" 401 58
[13/Aug/2026 22:50:50] "GET /api/auth/kitchen-categories/ HTTP/1.1" 200 52
[13/Aug/2026 22:50:50,402] - Broken pipe from ('192.168.1.4', 51218)
[13/Aug/2026 22:53:46] "GET /api/auth/kitchen-categories/ HTTP/1.1" 200 52
[13/Aug/2026 22:53:46,147] - Broken pipe from ('192.168.1.4', 62482)
[13/Aug/2026 23:00:38] "POST /api/auth/send-otp/ HTTP/1.1" 200 63
[13/Aug/2026 23:00:38,626] - Broken pipe from ('192.168.1.4', 59398)
Too Many Requests: /api/auth/send-otp/
[13/Aug/2026 23:01:07] "POST /api/auth/send-otp/ HTTP/1.1" 429 62
Too Many Requests: /api/auth/send-otp/
[13/Aug/2026 23:01:07] "POST /api/auth/send-otp/ HTTP/1.1" 429 62
Too Many Requests: /api/auth/send-otp/
[13/Aug/2026 23:01:07] "POST /api/auth/send-otp/ HTTP/1.1" 429 62
[13/Aug/2026 23:01:07,581] - Broken pipe from ('192.168.1.4', 50823)
[13/Aug/2026 23:15:49] "GET /api/auth/kitchen-categories/ HTTP/1.1" 200 52
[13/Aug/2026 23:15:49] "POST /api/auth/send-otp/ HTTP/1.1" 200 69
[13/Aug/2026 23:16:36] "GET /api/auth/kitchen-categories/ HTTP/1.1" 200 52
[13/Aug/2026 23:16:38] "POST /api/auth/verify-otp/ HTTP/1.1" 200 890
[13/Aug/2026 23:16:39] "GET /api/auth/kitchens/?status=pending%2Capproved%2Crejected HTTP/1.1" 200 2
[13/Aug/2026 23:20:28] "POST /api/auth/send-otp/ HTTP/1.1" 200 68
[13/Aug/2026 23:20:50] "POST /api/auth/verify-otp/ HTTP/1.1" 200 888
[13/Aug/2026 23:20:52] "GET /api/auth/banners/ HTTP/1.1" 200 52
[13/Aug/2026 23:20:52] "GET /api/auth/kitchens/?page=1 HTTP/1.1" 200 2
[13/Aug/2026 23:20:52] "GET /api/auth/orders/?status=active HTTP/1.1" 200 52
[13/Aug/2026 23:20:52] "GET /api/auth/profile/ HTTP/1.1" 200 315
Unauthorized: /api/auth/fcm-token/
[13/Aug/2026 23:22:03] "POST /api/auth/fcm-token/ HTTP/1.1" 401 183
[13/Aug/2026 23:22:04] "GET /api/auth/profile/ HTTP/1.1" 200 315
[13/Aug/2026 23:22:10] "GET /api/auth/kitchens/?page=1 HTTP/1.1" 200 2
[13/Aug/2026 23:22:10] "GET /api/auth/banners/ HTTP/1.1" 200 52
[13/Aug/2026 23:22:10] "GET /api/auth/orders/?status=active HTTP/1.1" 200 52
[13/Aug/2026 23:22:10] "GET /api/auth/profile/ HTTP/1.1" 200 315
[13/Aug/2026 23:23:19] "GET /api/auth/kitchen-categories/ HTTP/1.1" 200 52
Unauthorized: /api/auth/fcm-token/
[13/Aug/2026 23:23:19] "POST /api/auth/fcm-token/ HTTP/1.1" 401 183
[13/Aug/2026 23:23:40] "GET /api/auth/kitchen-categories/ HTTP/1.1" 200 52
[13/Aug/2026 23:23:40] "POST /api/auth/send-otp/ HTTP/1.1" 200 70
[13/Aug/2026 23:24:02] "GET /api/auth/kitchen-categories/ HTTP/1.1" 200 52
[13/Aug/2026 23:24:02] "POST /api/auth/verify-otp/ HTTP/1.1" 200 74
[13/Aug/2026 23:24:13] "POST /api/auth/profile-setup/ HTTP/1.1" 200 852
[13/Aug/2026 23:24:13] "GET /api/auth/delivery/available/ HTTP/1.1" 200 52
[13/Aug/2026 23:24:14] "GET /api/auth/delivery/my-deliveries/ HTTP/1.1" 200 52
[13/Aug/2026 23:24:14] "GET /api/auth/delivery/earnings/ HTTP/1.1" 200 86
[13/Aug/2026 23:24:16] "GET /api/auth/kitchen-categories/ HTTP/1.1" 200 52
Unauthorized: /api/auth/delivery/availability/
[13/Aug/2026 23:24:16] "GET /api/auth/delivery/availability/ HTTP/1.1" 401 58
[13/Aug/2026 23:24:16] "GET /api/auth/kitchen-categories/ HTTP/1.1" 200 52
Unauthorized: /api/auth/delivery/availability/
[13/Aug/2026 23:24:16] "GET /api/auth/delivery/availability/ HTTP/1.1" 401 58
[13/Aug/2026 23:24:20] "GET /api/auth/kitchen-categories/ HTTP/1.1" 200 52
Unauthorized: /api/auth/delivery/availability/
[13/Aug/2026 23:24:20] "GET /api/auth/delivery/availability/ HTTP/1.1" 401 58
[13/Aug/2026 23:24:26] "GET /api/auth/kitchen-categories/ HTTP/1.1" 200 52
Unauthorized: /api/auth/delivery/documents/
[13/Aug/2026 23:24:26] "GET /api/auth/delivery/documents/ HTTP/1.1" 401 58
Unauthorized: /api/auth/delivery/availability/
[13/Aug/2026 23:24:46] "POST /api/auth/delivery/availability/ HTTP/1.1" 401 58
[13/Aug/2026 23:24:59] "GET /api/auth/kitchen-categories/ HTTP/1.1" 200 52
Unauthorized: /api/auth/delivery/availability/
[13/Aug/2026 23:24:59] "GET /api/auth/delivery/availability/ HTTP/1.1" 401 58
[13/Aug/2026 23:25:01] "GET /api/auth/kitchen-categories/ HTTP/1.1" 200 52
[13/Aug/2026 23:25:01] "GET /api/auth/delivery/availability/ HTTP/1.1" 200 42
[13/Aug/2026 23:25:04] "GET /api/auth/profile/ HTTP/1.1" 200 331
[13/Aug/2026 23:25:12] "GET /api/auth/kitchen-categories/ HTTP/1.1" 200 52
Unauthorized: /api/auth/delivery/documents/
[13/Aug/2026 23:25:12] "GET /api/auth/delivery/documents/ HTTP/1.1" 401 58
[13/Aug/2026 23:28:58] "GET /api/auth/kitchens/?page=1&category=thali HTTP/1.1" 200 2
[13/Aug/2026 23:28:58] "GET /api/auth/kitchens/?page=1&category=healthy HTTP/1.1" 200 2
[13/Aug/2026 23:29:00] "GET /api/auth/kitchens/?page=1&category=snacks HTTP/1.1" 200 2
[13/Aug/2026 23:29:00] "GET /api/auth/kitchens/?page=1&category=dessert HTTP/1.1" 200 2
[13/Aug/2026 23:29:06] "GET /api/auth/profile/ HTTP/1.1" 200 315
[13/Aug/2026 23:29:08] "GET /api/auth/profile/ HTTP/1.1" 200 315
Bad Request: /api/auth/send-otp/
[13/Aug/2026 23:38:26] "POST /api/auth/send-otp/ HTTP/1.1" 400 29
[13/Aug/2026 23:38:43] "POST /api/auth/send-otp/ HTTP/1.1" 200 67
Not Found: /api/auth/login/
[13/Aug/2026 23:38:43] "POST /api/auth/login/ HTTP/1.1" 404 22118
[13/Aug/2026 23:38:57] "POST /api/auth/send-otp/ HTTP/1.1" 200 67
[13/Aug/2026 23:38:57] "POST /api/auth/verify-otp/ HTTP/1.1" 200 71
Not Found: /api/auth/complete-signup/
[13/Aug/2026 23:38:57] "POST /api/auth/complete-signup/ HTTP/1.1" 404 22148
Not Found: /api/kitchens/
[13/Aug/2026 23:38:57] "POST /api/kitchens/ HTTP/1.1" 404 2803
Not Found: /api/chef/kitchens/None/menu-items/
[13/Aug/2026 23:38:57] "POST /api/chef/kitchens/None/menu-items/ HTTP/1.1" 404 2866
Not Found: /api/chef/kitchens/None/daily-menus/
[13/Aug/2026 23:38:57] "POST /api/chef/kitchens/None/daily-menus/ HTTP/1.1" 404 2869
Not Found: /api/chef/kitchens/None/plans/
[13/Aug/2026 23:38:57] "POST /api/chef/kitchens/None/plans/ HTTP/1.1" 404 2851
Not Found: /api/chef/kitchens-by-chef/smoke.7368@mealin.app/
[13/Aug/2026 23:38:57] "GET /api/chef/kitchens-by-chef/smoke.7368@mealin.app/ HTTP/1.1" 404 2907
Not Found: /api/chef/payouts/
[13/Aug/2026 23:38:57] "POST /api/chef/payouts/ HTTP/1.1" 404 2815
Not Found: /api/chef/delivery-logs/
[13/Aug/2026 23:38:57] "GET /api/chef/delivery-logs/ HTTP/1.1" 404 2832
[13/Aug/2026 23:39:29] "POST /api/auth/send-otp/ HTTP/1.1" 200 67
[13/Aug/2026 23:39:30] "POST /api/auth/verify-otp/ HTTP/1.1" 200 71
Internal Server Error: /api/auth/profile-setup/
Traceback (most recent call last):
  File "C:\Users\sachi\AppData\Local\Programs\Python\Python312\Lib\site-packages\django\db\models\query.py", line 918, in get_or_create
    return self.get(**kwargs), False
           ^^^^^^^^^^^^^^^^^^
  File "C:\Users\sachi\AppData\Local\Programs\Python\Python312\Lib\site-packages\django\db\models\query.py", line 639, in get
    raise self.model.DoesNotExist(
api.models.UserProfile.DoesNotExist: UserProfile matching query does not exist.

During handling of the above exception, another exception occurred:

Traceback (most recent call last):
  File "C:\Users\sachi\AppData\Local\Programs\Python\Python312\Lib\site-packages\django\db\backends\utils.py", line 89, in _execute
    return self.cursor.execute(sql, params)
           ^^^^^^^^^^^^^^^^^^^^^^^^^^^^^^^^
psycopg2.errors.NotNullViolation: null value in column "allergies" of relation "user_profiles" violates not-null constraint
DETAIL:  Failing row contains (15, smoke.4535@mealin.app, smoke.4535@mealin.app, Smoke Chef, chef, +919999000011, , [], 0.00, , t, 2026-08-13 18:09:30.283518+00, 2026-08-13 18:09:30.283518+00, 17, t, f, null, null).


The above exception was the direct cause of the following exception:

Traceback (most recent call last):
  File "C:\Users\sachi\AppData\Local\Programs\Python\Python312\Lib\site-packages\django\core\handlers\exception.py", line 55, in inner
    response = get_response(request)
               ^^^^^^^^^^^^^^^^^^^^^
  File "C:\Users\sachi\AppData\Local\Programs\Python\Python312\Lib\site-packages\django\core\handlers\base.py", line 197, in _get_response
    response = wrapped_callback(request, *callback_args, **callback_kwargs)
               ^^^^^^^^^^^^^^^^^^^^^^^^^^^^^^^^^^^^^^^^^^^^^^^^^^^^^^^^^^^^
  File "C:\Users\sachi\AppData\Local\Programs\Python\Python312\Lib\site-packages\django\views\decorators\csrf.py", line 56, in wrapper_view
    return view_func(*args, **kwargs)
           ^^^^^^^^^^^^^^^^^^^^^^^^^^
  File "C:\Users\sachi\AppData\Local\Programs\Python\Python312\Lib\site-packages\django\views\generic\base.py", line 105, in view
    return self.dispatch(request, *args, **kwargs)
           ^^^^^^^^^^^^^^^^^^^^^^^^^^^^^^^^^^^^^^^
  File "C:\Users\sachi\AppData\Local\Programs\Python\Python312\Lib\site-packages\rest_framework\views.py", line 509, in dispatch
    response = self.handle_exception(exc)
               ^^^^^^^^^^^^^^^^^^^^^^^^^^
  File "C:\Users\sachi\AppData\Local\Programs\Python\Python312\Lib\site-packages\rest_framework\views.py", line 469, in handle_exception
    self.raise_uncaught_exception(exc)
  File "C:\Users\sachi\AppData\Local\Programs\Python\Python312\Lib\site-packages\rest_framework\views.py", line 480, in raise_uncaught_exception
    raise exc
  File "C:\Users\sachi\AppData\Local\Programs\Python\Python312\Lib\site-packages\rest_framework\views.py", line 506, in dispatch
    response = handler(request, *args, **kwargs)
               ^^^^^^^^^^^^^^^^^^^^^^^^^^^^^^^^^
  File "C:\Users\sachi\Music\HOUSEFOODS\backend\api\views.py", line 178, in post
    profile, _ = UserProfile.objects.get_or_create(
                 ^^^^^^^^^^^^^^^^^^^^^^^^^^^^^^^^^^
  File "C:\Users\sachi\AppData\Local\Programs\Python\Python312\Lib\site-packages\django\db\models\manager.py", line 87, in manager_method
    return getattr(self.get_queryset(), name)(*args, **kwargs)
           ^^^^^^^^^^^^^^^^^^^^^^^^^^^^^^^^^^^^^^^^^^^^^^^^^^^
  File "C:\Users\sachi\AppData\Local\Programs\Python\Python312\Lib\site-packages\django\db\models\query.py", line 925, in get_or_create
    return self.create(**params), True
           ^^^^^^^^^^^^^^^^^^^^^
  File "C:\Users\sachi\AppData\Local\Programs\Python\Python312\Lib\site-packages\django\db\models\query.py", line 660, in create
    obj.save(force_insert=True, using=self.db)
  File "C:\Users\sachi\Music\HOUSEFOODS\backend\api\models.py", line 80, in save
    if not self.uid:
  File "C:\Users\sachi\AppData\Local\Programs\Python\Python312\Lib\site-packages\django\db\models\base.py", line 814, in save
    self.save_base(
  File "C:\Users\sachi\AppData\Local\Programs\Python\Python312\Lib\site-packages\django\db\models\base.py", line 877, in save_base
    updated = self._save_table(
              ^^^^^^^^^^^^^^^^^
  File "C:\Users\sachi\AppData\Local\Programs\Python\Python312\Lib\site-packages\django\db\models\base.py", line 1020, in _save_table
    results = self._do_insert(
              ^^^^^^^^^^^^^^^^
  File "C:\Users\sachi\AppData\Local\Programs\Python\Python312\Lib\site-packages\django\db\models\base.py", line 1061, in _do_insert
    return manager._insert(
           ^^^^^^^^^^^^^^^^
  File "C:\Users\sachi\AppData\Local\Programs\Python\Python312\Lib\site-packages\django\db\models\manager.py", line 87, in manager_method
    return getattr(self.get_queryset(), name)(*args, **kwargs)
           ^^^^^^^^^^^^^^^^^^^^^^^^^^^^^^^^^^^^^^^^^^^^^^^^^^^
  File "C:\Users\sachi\AppData\Local\Programs\Python\Python312\Lib\site-packages\django\db\models\query.py", line 1810, in _insert
    return query.get_compiler(using=using).execute_sql(returning_fields)
           ^^^^^^^^^^^^^^^^^^^^^^^^^^^^^^^^^^^^^^^^^^^^^^^^^^^^^^^^^^^^^
  File "C:\Users\sachi\AppData\Local\Programs\Python\Python312\Lib\site-packages\django\db\models\sql\compiler.py", line 1822, in execute_sql
    cursor.execute(sql, params)
  File "C:\Users\sachi\AppData\Local\Programs\Python\Python312\Lib\site-packages\django\db\backends\utils.py", line 102, in execute
    return super().execute(sql, params)
           ^^^^^^^^^^^^^^^^^^^^^^^^^^^^
  File "C:\Users\sachi\AppData\Local\Programs\Python\Python312\Lib\site-packages\django\db\backends\utils.py", line 67, in execute
    return self._execute_with_wrappers(
           ^^^^^^^^^^^^^^^^^^^^^^^^^^^^
  File "C:\Users\sachi\AppData\Local\Programs\Python\Python312\Lib\site-packages\django\db\backends\utils.py", line 80, in _execute_with_wrappers
    return executor(sql, params, many, context)
           ^^^^^^^^^^^^^^^^^^^^^^^^^^^^^^^^^^^^
  File "C:\Users\sachi\AppData\Local\Programs\Python\Python312\Lib\site-packages\django\db\backends\utils.py", line 84, in _execute
    with self.db.wrap_database_errors:
         ^^^^^^^^^^^^^^^^^^^^^^^^^^^^
  File "C:\Users\sachi\AppData\Local\Programs\Python\Python312\Lib\site-packages\django\db\utils.py", line 91, in __exit__
    raise dj_exc_value.with_traceback(traceback) from exc_value
  File "C:\Users\sachi\AppData\Local\Programs\Python\Python312\Lib\site-packages\django\db\backends\utils.py", line 89, in _execute
    return self.cursor.execute(sql, params)
           ^^^^^^^^^^^^^^^^^^^^^^^^^^^^^^^^
django.db.utils.IntegrityError: null value in column "allergies" of relation "user_profiles" violates not-null constraint
DETAIL:  Failing row contains (15, smoke.4535@mealin.app, smoke.4535@mealin.app, Smoke Chef, chef, +919999000011, , [], 0.00, , t, 2026-08-13 18:09:30.283518+00, 2026-08-13 18:09:30.283518+00, 17, t, f, null, null).

[13/Aug/2026 23:39:30] "POST /api/auth/profile-setup/ HTTP/1.1" 500 214374
Unauthorized: /api/auth/kitchens/
[13/Aug/2026 23:39:30] "POST /api/auth/kitchens/ HTTP/1.1" 401 107
Unauthorized: /api/auth/kitchens/None/menu-items/
[13/Aug/2026 23:39:30] "POST /api/auth/kitchens/None/menu-items/ HTTP/1.1" 401 107
Not Found: /api/auth/kitchens/None/daily-menus/
[13/Aug/2026 23:39:30] "POST /api/auth/kitchens/None/daily-menus/ HTTP/1.1" 404 22178
Unauthorized: /api/auth/kitchens/None/plans/
[13/Aug/2026 23:39:30] "POST /api/auth/kitchens/None/plans/ HTTP/1.1" 401 107
Unauthorized: /api/auth/kitchens/
[13/Aug/2026 23:39:30] "GET /api/auth/kitchens/ HTTP/1.1" 401 107
Unauthorized: /api/auth/payouts/
[13/Aug/2026 23:39:30] "POST /api/auth/payouts/ HTTP/1.1" 401 107
Unauthorized: /api/auth/delivery-logs/
[13/Aug/2026 23:39:30] "GET /api/auth/delivery-logs/ HTTP/1.1" 401 107
[13/Aug/2026 23:39:38] "POST /api/auth/send-otp/ HTTP/1.1" 200 68
[13/Aug/2026 23:39:39] "POST /api/auth/verify-otp/ HTTP/1.1" 200 72
Internal Server Error: /api/auth/profile-setup/
Traceback (most recent call last):
  File "C:\Users\sachi\AppData\Local\Programs\Python\Python312\Lib\site-packages\django\db\models\query.py", line 918, in get_or_create
    return self.get(**kwargs), False
           ^^^^^^^^^^^^^^^^^^
  File "C:\Users\sachi\AppData\Local\Programs\Python\Python312\Lib\site-packages\django\db\models\query.py", line 639, in get
    raise self.model.DoesNotExist(
api.models.UserProfile.DoesNotExist: UserProfile matching query does not exist.

During handling of the above exception, another exception occurred:

Traceback (most recent call last):
  File "C:\Users\sachi\AppData\Local\Programs\Python\Python312\Lib\site-packages\django\db\backends\utils.py", line 89, in _execute
    return self.cursor.execute(sql, params)
           ^^^^^^^^^^^^^^^^^^^^^^^^^^^^^^^^
psycopg2.errors.NotNullViolation: null value in column "allergies" of relation "user_profiles" violates not-null constraint
DETAIL:  Failing row contains (16, smoke.trace@mealin.app, smoke.trace@mealin.app, Smoke Chef, chef, +919999000011, , [], 0.00, , t, 2026-08-13 18:09:39.277963+00, 2026-08-13 18:09:39.277963+00, 18, t, f, null, null).


The above exception was the direct cause of the following exception:

Traceback (most recent call last):
  File "C:\Users\sachi\AppData\Local\Programs\Python\Python312\Lib\site-packages\django\core\handlers\exception.py", line 55, in inner
    response = get_response(request)
               ^^^^^^^^^^^^^^^^^^^^^
  File "C:\Users\sachi\AppData\Local\Programs\Python\Python312\Lib\site-packages\django\core\handlers\base.py", line 197, in _get_response
    response = wrapped_callback(request, *callback_args, **callback_kwargs)
               ^^^^^^^^^^^^^^^^^^^^^^^^^^^^^^^^^^^^^^^^^^^^^^^^^^^^^^^^^^^^
  File "C:\Users\sachi\AppData\Local\Programs\Python\Python312\Lib\site-packages\django\views\decorators\csrf.py", line 56, in wrapper_view
    return view_func(*args, **kwargs)
           ^^^^^^^^^^^^^^^^^^^^^^^^^^
  File "C:\Users\sachi\AppData\Local\Programs\Python\Python312\Lib\site-packages\django\views\generic\base.py", line 105, in view
    return self.dispatch(request, *args, **kwargs)
           ^^^^^^^^^^^^^^^^^^^^^^^^^^^^^^^^^^^^^^^
  File "C:\Users\sachi\AppData\Local\Programs\Python\Python312\Lib\site-packages\rest_framework\views.py", line 509, in dispatch
    response = self.handle_exception(exc)
               ^^^^^^^^^^^^^^^^^^^^^^^^^^
  File "C:\Users\sachi\AppData\Local\Programs\Python\Python312\Lib\site-packages\rest_framework\views.py", line 469, in handle_exception
    self.raise_uncaught_exception(exc)
  File "C:\Users\sachi\AppData\Local\Programs\Python\Python312\Lib\site-packages\rest_framework\views.py", line 480, in raise_uncaught_exception
    raise exc
  File "C:\Users\sachi\AppData\Local\Programs\Python\Python312\Lib\site-packages\rest_framework\views.py", line 506, in dispatch
    response = handler(request, *args, **kwargs)
               ^^^^^^^^^^^^^^^^^^^^^^^^^^^^^^^^^
  File "C:\Users\sachi\Music\HOUSEFOODS\backend\api\views.py", line 178, in post
    profile, _ = UserProfile.objects.get_or_create(
                 ^^^^^^^^^^^^^^^^^^^^^^^^^^^^^^^^^^
  File "C:\Users\sachi\AppData\Local\Programs\Python\Python312\Lib\site-packages\django\db\models\manager.py", line 87, in manager_method
    return getattr(self.get_queryset(), name)(*args, **kwargs)
           ^^^^^^^^^^^^^^^^^^^^^^^^^^^^^^^^^^^^^^^^^^^^^^^^^^^
  File "C:\Users\sachi\AppData\Local\Programs\Python\Python312\Lib\site-packages\django\db\models\query.py", line 925, in get_or_create
    return self.create(**params), True
           ^^^^^^^^^^^^^^^^^^^^^
  File "C:\Users\sachi\AppData\Local\Programs\Python\Python312\Lib\site-packages\django\db\models\query.py", line 660, in create
    obj.save(force_insert=True, using=self.db)
  File "C:\Users\sachi\Music\HOUSEFOODS\backend\api\models.py", line 80, in save
    if not self.uid:
  File "C:\Users\sachi\AppData\Local\Programs\Python\Python312\Lib\site-packages\django\db\models\base.py", line 814, in save
    self.save_base(
  File "C:\Users\sachi\AppData\Local\Programs\Python\Python312\Lib\site-packages\django\db\models\base.py", line 877, in save_base
    updated = self._save_table(
              ^^^^^^^^^^^^^^^^^
  File "C:\Users\sachi\AppData\Local\Programs\Python\Python312\Lib\site-packages\django\db\models\base.py", line 1020, in _save_table
    results = self._do_insert(
              ^^^^^^^^^^^^^^^^
  File "C:\Users\sachi\AppData\Local\Programs\Python\Python312\Lib\site-packages\django\db\models\base.py", line 1061, in _do_insert
    return manager._insert(
           ^^^^^^^^^^^^^^^^
  File "C:\Users\sachi\AppData\Local\Programs\Python\Python312\Lib\site-packages\django\db\models\manager.py", line 87, in manager_method
    return getattr(self.get_queryset(), name)(*args, **kwargs)
           ^^^^^^^^^^^^^^^^^^^^^^^^^^^^^^^^^^^^^^^^^^^^^^^^^^^
  File "C:\Users\sachi\AppData\Local\Programs\Python\Python312\Lib\site-packages\django\db\models\query.py", line 1810, in _insert
    return query.get_compiler(using=using).execute_sql(returning_fields)
           ^^^^^^^^^^^^^^^^^^^^^^^^^^^^^^^^^^^^^^^^^^^^^^^^^^^^^^^^^^^^^
  File "C:\Users\sachi\AppData\Local\Programs\Python\Python312\Lib\site-packages\django\db\models\sql\compiler.py", line 1822, in execute_sql
    cursor.execute(sql, params)
  File "C:\Users\sachi\AppData\Local\Programs\Python\Python312\Lib\site-packages\django\db\backends\utils.py", line 102, in execute
    return super().execute(sql, params)
           ^^^^^^^^^^^^^^^^^^^^^^^^^^^^
  File "C:\Users\sachi\AppData\Local\Programs\Python\Python312\Lib\site-packages\django\db\backends\utils.py", line 67, in execute
    return self._execute_with_wrappers(
           ^^^^^^^^^^^^^^^^^^^^^^^^^^^^
  File "C:\Users\sachi\AppData\Local\Programs\Python\Python312\Lib\site-packages\django\db\backends\utils.py", line 80, in _execute_with_wrappers
    return executor(sql, params, many, context)
           ^^^^^^^^^^^^^^^^^^^^^^^^^^^^^^^^^^^^
  File "C:\Users\sachi\AppData\Local\Programs\Python\Python312\Lib\site-packages\django\db\backends\utils.py", line 84, in _execute
    with self.db.wrap_database_errors:
         ^^^^^^^^^^^^^^^^^^^^^^^^^^^^
  File "C:\Users\sachi\AppData\Local\Programs\Python\Python312\Lib\site-packages\django\db\utils.py", line 91, in __exit__
    raise dj_exc_value.with_traceback(traceback) from exc_value
  File "C:\Users\sachi\AppData\Local\Programs\Python\Python312\Lib\site-packages\django\db\backends\utils.py", line 89, in _execute
    return self.cursor.execute(sql, params)
           ^^^^^^^^^^^^^^^^^^^^^^^^^^^^^^^^
django.db.utils.IntegrityError: null value in column "allergies" of relation "user_profiles" violates not-null constraint
DETAIL:  Failing row contains (16, smoke.trace@mealin.app, smoke.trace@mealin.app, Smoke Chef, chef, +919999000011, , [], 0.00, , t, 2026-08-13 18:09:39.277963+00, 2026-08-13 18:09:39.277963+00, 18, t, f, null, null).

[13/Aug/2026 23:39:39] "POST /api/auth/profile-setup/ HTTP/1.1" 500 214441
[13/Aug/2026 23:39:46] "POST /api/auth/send-otp/ HTTP/1.1" 200 69
[13/Aug/2026 23:39:46] "POST /api/auth/verify-otp/ HTTP/1.1" 200 73
Internal Server Error: /api/auth/profile-setup/
Traceback (most recent call last):
  File "C:\Users\sachi\AppData\Local\Programs\Python\Python312\Lib\site-packages\django\db\models\query.py", line 918, in get_or_create
    return self.get(**kwargs), False
           ^^^^^^^^^^^^^^^^^^
  File "C:\Users\sachi\AppData\Local\Programs\Python\Python312\Lib\site-packages\django\db\models\query.py", line 639, in get
    raise self.model.DoesNotExist(
api.models.UserProfile.DoesNotExist: UserProfile matching query does not exist.

During handling of the above exception, another exception occurred:

Traceback (most recent call last):
  File "C:\Users\sachi\AppData\Local\Programs\Python\Python312\Lib\site-packages\django\db\backends\utils.py", line 89, in _execute
    return self.cursor.execute(sql, params)
           ^^^^^^^^^^^^^^^^^^^^^^^^^^^^^^^^
psycopg2.errors.NotNullViolation: null value in column "allergies" of relation "user_profiles" violates not-null constraint
DETAIL:  Failing row contains (17, smoke.trace2@mealin.app, smoke.trace2@mealin.app, Smoke Chef, chef, +919999000011, , [], 0.00, , t, 2026-08-13 18:09:46.802703+00, 2026-08-13 18:09:46.802703+00, 19, t, f, null, null).


The above exception was the direct cause of the following exception:

Traceback (most recent call last):
  File "C:\Users\sachi\AppData\Local\Programs\Python\Python312\Lib\site-packages\django\core\handlers\exception.py", line 55, in inner
    response = get_response(request)
               ^^^^^^^^^^^^^^^^^^^^^
  File "C:\Users\sachi\AppData\Local\Programs\Python\Python312\Lib\site-packages\django\core\handlers\base.py", line 197, in _get_response
    response = wrapped_callback(request, *callback_args, **callback_kwargs)
               ^^^^^^^^^^^^^^^^^^^^^^^^^^^^^^^^^^^^^^^^^^^^^^^^^^^^^^^^^^^^
  File "C:\Users\sachi\AppData\Local\Programs\Python\Python312\Lib\site-packages\django\views\decorators\csrf.py", line 56, in wrapper_view
    return view_func(*args, **kwargs)
           ^^^^^^^^^^^^^^^^^^^^^^^^^^
  File "C:\Users\sachi\AppData\Local\Programs\Python\Python312\Lib\site-packages\django\views\generic\base.py", line 105, in view
    return self.dispatch(request, *args, **kwargs)
           ^^^^^^^^^^^^^^^^^^^^^^^^^^^^^^^^^^^^^^^
  File "C:\Users\sachi\AppData\Local\Programs\Python\Python312\Lib\site-packages\rest_framework\views.py", line 509, in dispatch
    response = self.handle_exception(exc)
               ^^^^^^^^^^^^^^^^^^^^^^^^^^
  File "C:\Users\sachi\AppData\Local\Programs\Python\Python312\Lib\site-packages\rest_framework\views.py", line 469, in handle_exception
    self.raise_uncaught_exception(exc)
  File "C:\Users\sachi\AppData\Local\Programs\Python\Python312\Lib\site-packages\rest_framework\views.py", line 480, in raise_uncaught_exception
    raise exc
  File "C:\Users\sachi\AppData\Local\Programs\Python\Python312\Lib\site-packages\rest_framework\views.py", line 506, in dispatch
    response = handler(request, *args, **kwargs)
               ^^^^^^^^^^^^^^^^^^^^^^^^^^^^^^^^^
  File "C:\Users\sachi\Music\HOUSEFOODS\backend\api\views.py", line 178, in post
    profile, _ = UserProfile.objects.get_or_create(
                 ^^^^^^^^^^^^^^^^^^^^^^^^^^^^^^^^^^
  File "C:\Users\sachi\AppData\Local\Programs\Python\Python312\Lib\site-packages\django\db\models\manager.py", line 87, in manager_method
    return getattr(self.get_queryset(), name)(*args, **kwargs)
           ^^^^^^^^^^^^^^^^^^^^^^^^^^^^^^^^^^^^^^^^^^^^^^^^^^^
  File "C:\Users\sachi\AppData\Local\Programs\Python\Python312\Lib\site-packages\django\db\models\query.py", line 925, in get_or_create
    return self.create(**params), True
           ^^^^^^^^^^^^^^^^^^^^^
  File "C:\Users\sachi\AppData\Local\Programs\Python\Python312\Lib\site-packages\django\db\models\query.py", line 660, in create
    obj.save(force_insert=True, using=self.db)
  File "C:\Users\sachi\Music\HOUSEFOODS\backend\api\models.py", line 80, in save
    if not self.uid:
  File "C:\Users\sachi\AppData\Local\Programs\Python\Python312\Lib\site-packages\django\db\models\base.py", line 814, in save
    self.save_base(
  File "C:\Users\sachi\AppData\Local\Programs\Python\Python312\Lib\site-packages\django\db\models\base.py", line 877, in save_base
    updated = self._save_table(
              ^^^^^^^^^^^^^^^^^
  File "C:\Users\sachi\AppData\Local\Programs\Python\Python312\Lib\site-packages\django\db\models\base.py", line 1020, in _save_table
    results = self._do_insert(
              ^^^^^^^^^^^^^^^^
  File "C:\Users\sachi\AppData\Local\Programs\Python\Python312\Lib\site-packages\django\db\models\base.py", line 1061, in _do_insert
    return manager._insert(
           ^^^^^^^^^^^^^^^^
  File "C:\Users\sachi\AppData\Local\Programs\Python\Python312\Lib\site-packages\django\db\models\manager.py", line 87, in manager_method
    return getattr(self.get_queryset(), name)(*args, **kwargs)
           ^^^^^^^^^^^^^^^^^^^^^^^^^^^^^^^^^^^^^^^^^^^^^^^^^^^
  File "C:\Users\sachi\AppData\Local\Programs\Python\Python312\Lib\site-packages\django\db\models\query.py", line 1810, in _insert
    return query.get_compiler(using=using).execute_sql(returning_fields)
           ^^^^^^^^^^^^^^^^^^^^^^^^^^^^^^^^^^^^^^^^^^^^^^^^^^^^^^^^^^^^^
  File "C:\Users\sachi\AppData\Local\Programs\Python\Python312\Lib\site-packages\django\db\models\sql\compiler.py", line 1822, in execute_sql
    cursor.execute(sql, params)
  File "C:\Users\sachi\AppData\Local\Programs\Python\Python312\Lib\site-packages\django\db\backends\utils.py", line 102, in execute
    return super().execute(sql, params)
           ^^^^^^^^^^^^^^^^^^^^^^^^^^^^
  File "C:\Users\sachi\AppData\Local\Programs\Python\Python312\Lib\site-packages\django\db\backends\utils.py", line 67, in execute
    return self._execute_with_wrappers(
           ^^^^^^^^^^^^^^^^^^^^^^^^^^^^
  File "C:\Users\sachi\AppData\Local\Programs\Python\Python312\Lib\site-packages\django\db\backends\utils.py", line 80, in _execute_with_wrappers
    return executor(sql, params, many, context)
           ^^^^^^^^^^^^^^^^^^^^^^^^^^^^^^^^^^^^
  File "C:\Users\sachi\AppData\Local\Programs\Python\Python312\Lib\site-packages\django\db\backends\utils.py", line 84, in _execute
    with self.db.wrap_database_errors:
         ^^^^^^^^^^^^^^^^^^^^^^^^^^^^
  File "C:\Users\sachi\AppData\Local\Programs\Python\Python312\Lib\site-packages\django\db\utils.py", line 91, in __exit__
    raise dj_exc_value.with_traceback(traceback) from exc_value
  File "C:\Users\sachi\AppData\Local\Programs\Python\Python312\Lib\site-packages\django\db\backends\utils.py", line 89, in _execute
    return self.cursor.execute(sql, params)
           ^^^^^^^^^^^^^^^^^^^^^^^^^^^^^^^^
django.db.utils.IntegrityError: null value in column "allergies" of relation "user_profiles" violates not-null constraint
DETAIL:  Failing row contains (17, smoke.trace2@mealin.app, smoke.trace2@mealin.app, Smoke Chef, chef, +919999000011, , [], 0.00, , t, 2026-08-13 18:09:46.802703+00, 2026-08-13 18:09:46.802703+00, 19, t, f, null, null).

[13/Aug/2026 23:39:46] "POST /api/auth/profile-setup/ HTTP/1.1" 500 214509
